# lean/verify.sh, run by scripts/reproduce.sh
# date: 2026-09-28T11:25:03-0400
# Lean (version 4.33.1, arm64-apple-darwin24.6.0, commit 819816b2e0a3bf405af45ae5c7af2491d8f5bee6, Release)
# platform: Darwin arm64
== 0. formal-conjectures checkout ==
formal_conjectures at e5f428182a3ee32dde401eceb4a94ba0382e8434, no local changes
== 1. lake build (includes Erdos40/Audit.lean) ==
ℹ [8921/8923] Replayed Erdos40.Audit
info: Erdos40/Audit.lean:31:0: ErdosProblem40.sumRep_le depends on: [propext, Classical.choice, Quot.sound]
info: Erdos40/Audit.lean:32:0: ErdosProblem40.exists_bound_of_limsup_ne_top depends on: [propext, Classical.choice, Quot.sound]
info: Erdos40/Audit.lean:33:0: ErdosProblem40.limsup_ne_top_of_bound depends on: [propext, Classical.choice, Quot.sound]
info: Erdos40/Audit.lean:34:0: ErdosProblem40.sumRep_congr depends on: [propext, Classical.choice, Quot.sound]
info: Erdos40/Audit.lean:35:0: ErdosProblem40.count_congr depends on: [propext, Classical.choice, Quot.sound]
info: Erdos40/Audit.lean:36:0: ErdosProblem40.isClopen_of_local depends on: [propext, Classical.choice, Quot.sound]
info: Erdos40/Audit.lean:37:0: ErdosProblem40.uniform_dip depends on: [propext, Classical.choice, Quot.sound]
info: Erdos40/Audit.lean:38:0: ErdosProblem40.exists_of_strong depends on: [propext, Classical.choice, Quot.sound]
info: Erdos40/Audit.lean:39:0: ErdosProblem40.exists_iff depends on: [propext, Classical.choice, Quot.sound]
info: Erdos40/Audit.lean:40:0: ErdosProblem40.answerSet_nonempty_iff depends on: [propext, Classical.choice, Quot.sound]
info: Erdos40/Audit.lean:41:0: ErdosProblem40.strong_implies_erdos_28 depends on: [propext, Classical.choice, Quot.sound]
info: Erdos40/Audit.lean:42:0: ErdosProblem40.Erdos40For.of_isBigO depends on: [propext, Classical.choice, Quot.sound]
info: Erdos40/Audit.lean:43:0: ErdosProblem40.sumRep_univ depends on: [propext, Classical.choice, Quot.sound]
info: Erdos40/Audit.lean:44:0: ErdosProblem40.univ_hypothesis_and_conclusion depends on: [propext, Classical.choice, Quot.sound]
info: Erdos40/Audit.lean:45:0: ErdosProblem40.sumRep_singleton_one_le depends on: [propext, Classical.choice, Quot.sound]
info: Erdos40/Audit.lean:46:0: ErdosProblem40.not_erdos40For_sqrt depends on: [propext, Classical.choice, Quot.sound]
info: Erdos40/Audit.lean:47:0: ErdosProblem40.not_erdos40For_of_sqrt_isBigO depends on: [propext, Classical.choice, Quot.sound]
info: Erdos40/Audit.lean:48:0: ErdosProblem40.sumRep_le_of_B2 depends on: [propext, Classical.choice, Quot.sound]
info: Erdos40/Audit.lean:49:0: ErdosProblem40.B2_of_sumRep_le depends on: [propext, Classical.choice, Quot.sound]
info: Erdos40/Audit.lean:50:0: ErdosProblem40.count_sq_le depends on: [propext, Classical.choice, Quot.sound]
info: Erdos40/Audit.lean:51:0: ErdosProblem40.rpow_neg_half depends on: [propext, Classical.choice, Quot.sound]
info: Erdos40/Audit.lean:52:0: ErdosProblem40.tendsto_inv_sqrt depends on: [propext, Classical.choice, Quot.sound]
info: Erdos40/Audit.lean:53:0: ErdosProblem40.liminf_eq_zero_of_bound depends on: [propext, Classical.choice, Quot.sound]
info: Erdos40/Audit.lean:54:0: ErdosProblem40.strong_iff_forall_B2 depends on: [propext, Classical.choice, Quot.sound]
info: Erdos40/Audit.lean:55:0: ErdosProblem40.weaker_iff_forall_B2 depends on: [propext, Classical.choice, Quot.sound]
info: Erdos40/Audit.lean:56:0: ErdosProblem40.strong_implies_erdos_158 depends on: [propext, Classical.choice, Quot.sound]
info: Erdos40/Audit.lean:59:0: statement check passed: exists_iff, answerSet_nonempty_iff, strong_implies_erdos_28, strong_implies_erdos_158, strong_iff_forall_B2, weaker_iff_forall_B2 match FormalConjectures
Build completed successfully (8923 jobs).
== 2. re-elaborating Erdos40/Audit.lean ==
26 axiom reports clean; statement check passed
== 3. axiom probe, compiled without the library and loading it at runtime ==
ErdosProblem40.strong_implies_erdos_28: [propext, Classical.choice, Quot.sound]
ErdosProblem40.uniform_dip: [propext, Classical.choice, Quot.sound]
ErdosProblem40.exists_iff: [propext, Classical.choice, Quot.sound]
ErdosProblem40.not_erdos40For_of_sqrt_isBigO: [propext, Classical.choice, Quot.sound]
ErdosProblem40.univ_hypothesis_and_conclusion: [propext, Classical.choice, Quot.sound]
ErdosProblem40.answerSet_nonempty_iff: [propext, Classical.choice, Quot.sound]
ErdosProblem40.not_erdos40For_sqrt: [propext, Classical.choice, Quot.sound]
ErdosProblem40.Erdos40For.of_isBigO: [propext, Classical.choice, Quot.sound]
ErdosProblem40.liminf_eq_zero_of_bound: [propext, Classical.choice, Quot.sound]
ErdosProblem40.sumRep_le_of_B2: [propext, Classical.choice, Quot.sound]
ErdosProblem40.strong_implies_erdos_158: [propext, Classical.choice, Quot.sound]
ErdosProblem40.B2_of_sumRep_le: [propext, Classical.choice, Quot.sound]
ErdosProblem40.count_sq_le: [propext, Classical.choice, Quot.sound]
ErdosProblem40.weaker_iff_forall_B2: [propext, Classical.choice, Quot.sound]
ErdosProblem40.strong_iff_forall_B2: [propext, Classical.choice, Quot.sound]
statements: exists_iff, answerSet_nonempty_iff, strong_implies_erdos_28, strong_implies_erdos_158, strong_iff_forall_B2, weaker_iff_forall_B2 match FormalConjectures
probe: 74 constants checked, 0 problems
== 4. kernel replay with leanchecker ==
replayed Erdos40.Basic
replayed Erdos40.Equivalence
replayed Erdos40.Problem158

PASS: 26 theorems on {propext, Classical.choice, Quot.sound}; statements match FormalConjectures at e5f428182a3ee32dde401eceb4a94ba0382e8434; probe clean; Erdos40.Basic Erdos40.Equivalence Erdos40.Problem158 replayed by the kernel.
      422.98 real        26.90 user        77.84 sys
          5275664384  maximum resident set size
                   0  average shared memory size
                   0  average unshared data size
                   0  average unshared stack size
             2650222  page reclaims
             2621169  page faults
                   0  swaps
                   0  block input operations
                   0  block output operations
                   0  messages sent
                   0  messages received
                   3  signals received
              223576  voluntary context switches
             2737741  involuntary context switches
            50048567  instructions retired
            40365153  cycles elapsed
             1769856  peak memory footprint
# verify.sh exit 0
# sha256 of the files it checked:
# c5b38106155f86357e41e9f6adf949a56f2ad4fcca23e26b064b2edfcc5ca352 Erdos40.lean
# 88ba4b9eae9ac1491307b899b249e978480db78d660373c29bd9c05c635aded3 Probe.lean
# 2442652bd2256dec9b5ba55db6650a53a8b9bde3899978cdd9e59d26ed23ab7f Erdos40/Audit.lean
# c0d71af1f9d181ae41c76dad29299f09ec3f823fdde0699e73c4c704ff239a24 Erdos40/Basic.lean
# e76bf76e8c99abd2297758de27616def78d6d0529f2645662cf82b8d7fd95bfb Erdos40/Equivalence.lean
# 47931037ef3e905d33ea323a320af8ddf452e94c740125a6884a36d070ca3d29 Erdos40/Problem158.lean
# c275af1b957e7781dd5fbf8c3b984be6bf847e87b94440e50801faf8de608c5d verify.sh
# 54fd32d7d6c684cff2ae165eb989db5313836496c391db43f7fa93b32767040a lakefile.toml
# 01e5bca58f81ad577f319d889b790ad0f49c8d14ff0e11bc95426a7468e17bb4 lake-manifest.json
# 3aac669c7a910ec2389f4e4f921b605adf6ebf2d1e0c9b9cd0be4d33f3f5db71 lean-toolchain
